[www.proformanceroofs.com/index.html]
[backblue.gif]
[fade.gif]
[index.html]
[www.proformanceroofs.com/images/Social-Share.jpg]
[www.google-analytics.com/analytics.js]
[connect.facebook.net/en_US/fbevents.js]
[www.proformanceroofs.com/cms/includes/xlyx2kfjo4f.2005051912475.css]
[www.proformanceroofs.com/cms/includes/xfe68wggbgd.2006240837081.js]
[www.proformanceroofs.com/areas-served/index.html]
[www.proformanceroofs.com/cms/svg/site/idso5fqviyn.24.svg]
[www.proformanceroofs.com/blog/index.html]
[www.proformanceroofs.com/images/logos/Logo.png]
[www.proformanceroofs.com/site-search/index.html]
[www.proformanceroofs.com/images/logos/Logo2.png]
[connect.podium.com/widget.js]
[www.proformanceroofs.com/roofing-services/index.html]
[www.proformanceroofs.com/roofing-services/roof-replacement/index.html]
[www.proformanceroofs.com/who-we-are/index.html]
[www.proformanceroofs.com/roofing-services/re-roofing/index.html]
[www.proformanceroofs.com/includes/flair.svg]
[www.proformanceroofs.com/roofing-services/new-construction/index.html]
[www.proformanceroofs.com/roofing-services/storm-damage/index.html]
[www.proformanceroofs.com/roofing-services/roof-repair/index.html]
[www.proformanceroofs.com/roofing-services/insulation/index.html]
[www.proformanceroofs.com/financing/index.html]
[www.googleadservices.com/pagead/f.txt]
[www.proformanceroofs.com/products/index.html]
[www.proformanceroofs.com/reviews/index.html]
[www.proformanceroofs.com/cms/svg/admin/dup053e1r8m.36.svg]
[www.proformanceroofs.com/contact-us/index.html]
[www.proformanceroofs.com/cms/includes/a_1bfgxd0uf.2001241829564.js]
[www.proformanceroofs.com/index.html]
[www.proformanceroofs.com/common/index.html]
[www.proformanceroofs.com/tampa/index.html]
[www.proformanceroofs.com/blog/2019/december/new-year-new-you-new-roof/index.html]
[www.proformanceroofs.com/blog/2020/may/exterior-design-trends-of-2020/index.html]
[www.proformanceroofs.com/blog/2020/april/ask-these-essential-questions-before-hiring-a-ro/index.html]
[www.proformanceroofs.com/privacy-policy/index.html]
[www.proformanceroofs.com/admin/index.html]
[www.proformanceroofs.com/site-map/index.html]
[connect.facebook.net/en_US/fbevents.js]
[www.proformanceroofs.com/common/images/sprite24.png]
[www.proformanceroofs.com/cms/includes/xlyx2kfjo4f.2005051912475.css]
[www.proformanceroofs.com/cms/includes/aqtqhp8wchm.2005051912475.css]
[www.proformanceroofs.com/areas-served/index.html]
[www.proformanceroofs.com/cms/includes/8b_gibugjcm.2001301123088.js]
[www.proformanceroofs.com/areas-served/altamonte-springs/index.html]
[www.proformanceroofs.com/areas-served/apopka/index.html]
[www.proformanceroofs.com/areas-served/clermont/index.html]
[www.proformanceroofs.com/areas-served/cape-canaveral/index.html]
[www.proformanceroofs.com/areas-served/the-villages/index.html]
[www.proformanceroofs.com/cms/includes/2se0k9_v9ge.2005051912475.css]
[www.proformanceroofs.com/areas-served/winter-garden/index.html]
[www.proformanceroofs.com/cms/thumbnails/34/480x240/images/blog/25.jpg]
[www.proformanceroofs.com/areas-served/winter-park/index.html]
[www.proformanceroofs.com/areas-served/winter-springs/index.html]
[www.proformanceroofs.com/cms/thumbnails/34/480x240/images/blog/18.png]
[www.proformanceroofs.com/cms/thumbnails/34/480x240/images/blog/November-2019-Ed-Cal-ProFormance-Roofing.13).png]
[www.proformanceroofs.com/cms/thumbnails/34/480x240/images/blog/November-2019-Ed-Cal-ProFormance-Roofing.11).png]
[www.proformanceroofs.com/blog/2019/december/safety-tips-for-holiday-decorating/index.html]
[www.proformanceroofs.com/cms/thumbnails/34/480x240/images/blog/ProFormance-Roofing-August-Ed-Cal.2).png]
[www.proformanceroofs.com/blog/2019/september/let-s-talk-about-insulation/index.html]
[www.proformanceroofs.com/cms/thumbnails/34/480x240/images/blog/ProFormance-Roofing-August-Ed-Cal.6).png]
[www.proformanceroofs.com/blog/2019/september/your-summer-roofing-checklist/index.html]
[www.proformanceroofs.com/cms/includes/w4pqkug4htz.2001241829564.js]
[www.proformanceroofs.com/blog/index.html]
[www.proformanceroofs.com/blog/2017/july/home-and-roof-shapes-that-hold-up-best-to-hurric/index.html]
[www.proformanceroofs.com/blog/2017/july/what-s-the-best-type-of-roof-for-florida-weather/index.html]
[www.proformanceroofs.com/blog/2017/july/do-s-and-don-ts-of-building-in-hurricane-prone-a/index.html]
[www.proformanceroofs.com/blog/2017/august/the-best-times-of-year-for-roof-replacement-in-f/index.html]
[www.proformanceroofs.com/blog/categories/general-roofing/index.html]
[www.proformanceroofs.com/blog/categories/home-design/index.html]
[www.proformanceroofs.com/blog/categories/insurance/index.html]
[www.proformanceroofs.com/cms/includes/cxtw662zcxa.2005051912475.css]
[www.proformanceroofs.com/blog/categories/replacement/index.html]
[www.proformanceroofs.com/blog/categories/roof-damage/index.html]
[www.proformanceroofs.com/cms/includes/deezb4yph94.2001241829564.js]
[www.proformanceroofs.com/site-search/index.html]
[www.proformanceroofs.com/cms/svg/site/idso5fqviyn.24.svg]
[www.proformanceroofs.com/blog/categories/siding/index.html]
[www.proformanceroofs.com/blog/categories/weather-roofs/index.html]
[www.proformanceroofs.com/blog/categories/tips/index.html]
[www.proformanceroofs.com/blog/2020/index.html]
[www.proformanceroofs.com/blog/2020/april/index.html]
[www.proformanceroofs.com/blog/2020/may/index.html]
[www.proformanceroofs.com/who-we-are/index.html]
[www.proformanceroofs.com/blog/2019/index.html]
[www.proformanceroofs.com/blog/2019/september/index.html]
[www.proformanceroofs.com/blog/2017/index.html]
[www.proformanceroofs.com/blog/2017/august/index.html]
[www.proformanceroofs.com/cms/includes/b9ek2nl14ff.2005051912475.css]
[www.proformanceroofs.com/blog/2017/june/index.html]
[www.proformanceroofs.com/blog/2017/july/index.html]
[www.proformanceroofs.com/blog/2017/may/index.html]
[www.proformanceroofs.com/roofing-services/index.html]
[www.proformanceroofs.com/roofing-services/roof-replacement/index.html]
[www.proformanceroofs.com/roofing-services/re-roofing/index.html]
[www.proformanceroofs.com/roofing-services/storm-damage/index.html]
[www.proformanceroofs.com/roofing-services/new-construction/index.html]
[www.proformanceroofs.com/roofing-services/roof-repair/index.html]
[www.proformanceroofs.com/roofing-services/insulation/index.html]
[www.proformanceroofs.com/financing/index.html]
[www.proformanceroofs.com/products/index.html]
[www.proformanceroofs.com/financing/landing-calculator/index.html]
[www.proformanceroofs.com/cms/includes/sl_9mc49djz.2005051912475.css]
[www.proformanceroofs.com/cms/svg/admin/dup053e1r8m.24.svg]
[www.proformanceroofs.com/cms/svg/site/idso5fqviyn.36.svg]
[www.proformanceroofs.com/assets/footers/footer-v3-bg-mobile.jpg]
[www.proformanceroofs.com/assets/footers/footer-v3-bg.jpg]
[www.proformanceroofs.com/cms/includes/dxhocigl6g2.2001241829564.js]
[www.proformanceroofs.com/reviews/index.html]
[www.proformanceroofs.com/cms/includes/eehuc23c7b_.2005051912475.css]
[www.proformanceroofs.com/contact-us/index.html]
[www.proformanceroofs.com/cms/includes/xtf2fxdubvr.2001241829564.js]
[www.proformanceroofs.com/includes/flair.svg]
[www.proformanceroofs.com/tampa/index.html]
[www.proformanceroofs.com/images/blog/25.jpg]
[www.proformanceroofs.com/cms/includes/j4mkr47qjv7.2005051912475.css]
[www.proformanceroofs.com/coupons/index.html]
[www.proformanceroofs.com/blog/2020/may/exterior-design-trends-of-2020/index.html]
[www.proformanceroofs.com/images/blog/18.png]
[www.proformanceroofs.com/blog/2020/april/ask-these-essential-questions-before-hiring-a-ro/index.html]
[s7.addthis.com/js/300/addthis_widget.js]
[www.proformanceroofs.com/images/blog/November-2019-Ed-Cal-ProFormance-Roofing.13).png]
[www.proformanceroofs.com/blog/2019/december/new-year-new-you-new-roof/index.html]
[www.proformanceroofs.com/cms/svg/admin/dup053e1r8m.36.svg]
[www.proformanceroofs.com/cms/includes/du9cffg2ps9.2005051912475.css]
[www.proformanceroofs.com/privacy-policy/index.html]
[www.proformanceroofs.com/site-map/index.html]
[www.proformanceroofs.com/blog/categories/index.html]
[www.proformanceroofs.com/POST.html]
[www.proformanceroofs.com/blog/2017/august/how-to-match-siding-to-roofing/index.html]
[www.proformanceroofs.com/areas-served/admin/index.html]
[www.proformanceroofs.com/blog/2017/june/roof-damage-after-a-hail-storm/index.html]
[www.proformanceroofs.com/cms/includes/aqtqhp8wchm.2005051912475.css]
[www.proformanceroofs.com/blog/2017/june/dealing-with-storm-damage-and-insurance-claims-i/index.html]
[www.proformanceroofs.com/blog/2017/may/the-good-the-bad-and-the-ugly-florida-s-range-of/index.html]
[www.proformanceroofs.com/areas-served/altamonte-springs/index.html]
[www.proformanceroofs.com/blog/2017/july/what-to-know-about-roofing-warranties/index.html]
[www.proformanceroofs.com/areas-served/apopka/index.html]
[www.proformanceroofs.com/blog/2017/may/when-buying-a-home-check-for-potential-water-dam/index.html]
[www.proformanceroofs.com/photo-gallery/index.html]
[www.proformanceroofs.com/areas-served/cape-canaveral/index.html]
[www.proformanceroofs.com/photo-gallery/our-work/index.html]
[www.proformanceroofs.com/areas-served/clermont/index.html]
[www.proformanceroofs.com/areas-served/the-villages/index.html]
[www.proformanceroofs.com/areas-served/winter-garden/index.html]
[www.proformanceroofs.com/areas-served/winter-park/index.html]
[www.proformanceroofs.com/areas-served/winter-springs/index.html]
[www.proformanceroofs.com/blog/admin/index.html]
[www.proformanceroofs.com/cms/includes/2se0k9_v9ge.2005051912475.css]
[www.proformanceroofs.com/images/blog/November-2019-Ed-Cal-ProFormance-Roofing.11).png]
[www.proformanceroofs.com/blog/2019/december/safety-tips-for-holiday-decorating/index.html]
[www.proformanceroofs.com/images/blog/ProFormance-Roofing-August-Ed-Cal.2).png]
[www.proformanceroofs.com/blog/2019/september/let-s-talk-about-insulation/index.html]
[www.proformanceroofs.com/images/blog/ProFormance-Roofing-August-Ed-Cal.6).png]
[www.proformanceroofs.com/blog/2019/september/your-summer-roofing-checklist/index.html]
[www.proformanceroofs.com/images/blog/7.18.17.jpg]
[www.proformanceroofs.com/blog/2017/july/home-and-roof-shapes-that-hold-up-best-to-hurric/index.html]
[www.proformanceroofs.com/images/blog/7.11.17.jpg]
[www.proformanceroofs.com/blog/2017/july/what-s-the-best-type-of-roof-for-florida-weather/index.html]
[www.proformanceroofs.com/images/blog/7.6.17.jpg]
[www.proformanceroofs.com/blog/2017/july/do-s-and-don-ts-of-building-in-hurricane-prone-a/index.html]
[www.proformanceroofs.com/images/blog/8.7.17.jpg]
[www.proformanceroofs.com/blog/2017/august/the-best-times-of-year-for-roof-replacement-in-f/index.html]
[www.proformanceroofs.com/blog/categories/general-roofing/index.html]
[www.proformanceroofs.com/blog/categories/home-design/index.html]
[www.proformanceroofs.com/cms/thumbnails/34/480x240/images/blog/6.6.17.jpg]
[www.proformanceroofs.com/blog/categories/insurance/index.html]
[www.proformanceroofs.com/cms/thumbnails/34/480x240/images/blog/8.7.17.jpg]
[www.proformanceroofs.com/blog/categories/replacement/index.html]
[www.proformanceroofs.com/cms/thumbnails/34/480x240/images/blog/7.11.17.jpg]
[www.proformanceroofs.com/blog/categories/roof-damage/index.html]
[www.proformanceroofs.com/cms/thumbnails/34/480x240/images/blog/8.18.17.jpg]
[www.proformanceroofs.com/blog/categories/siding/index.html]
[www.proformanceroofs.com/blog/categories/tips/index.html]
[www.proformanceroofs.com/cms/thumbnails/34/480x240/images/blog/7.18.17.jpg]
[www.proformanceroofs.com/cms/thumbnails/34/480x240/images/blog/7.6.17.jpg]
[www.proformanceroofs.com/blog/categories/weather-roofs/index.html]
[www.proformanceroofs.com/blog/2020/index.html]
[www.proformanceroofs.com/blog/2020/may/index.html]
[www.proformanceroofs.com/blog/2020/april/index.html]
[www.proformanceroofs.com/blog/2019/index.html]
[www.proformanceroofs.com/blog/2019/september/index.html]
[www.proformanceroofs.com/blog/2019/december/index.html]
[www.proformanceroofs.com/cms/thumbnails/34/480x240/images/blog/7.31.17.3a.delayed]
[www.proformanceroofs.com/blog/2017/index.html]
[www.proformanceroofs.com/blog/2017/august/index.html]
[www.proformanceroofs.com/blog/2017/july/index.html]
[www.proformanceroofs.com/cms/thumbnails/34/480x240/images/blog/6.29.17.jpg]
[www.proformanceroofs.com/blog/2017/june/index.html]
[www.proformanceroofs.com/cms/thumbnails/34/480x240/images/blog/5.1.17.jpg]
[www.proformanceroofs.com/blog/2017/may/index.html]
[www.proformanceroofs.com/site-search/admin/index.html]
[www.proformanceroofs.com/cms/includes/cxtw662zcxa.2005051912475.css]
[www.proformanceroofs.com/who-we-are/admin/index.html]
[www.proformanceroofs.com/cms/includes/b9ek2nl14ff.2005051912475.css]
[www.proformanceroofs.com/roofing-services/admin/index.html]
[www.proformanceroofs.com/roofing-services/roof-replacement/admin/index.html]
[www.proformanceroofs.com/roofing-services/re-roofing/admin/index.html]
[www.proformanceroofs.com/roofing-services/storm-damage/admin/index.html]
[www.proformanceroofs.com/roofing-services/new-construction/admin/index.html]
[www.proformanceroofs.com/roofing-services/roof-repair/admin/index.html]
[www.proformanceroofs.com/roofing-services/insulation/admin/index.html]
[www.proformanceroofs.com/financing/admin/index.html]
[www.proformanceroofs.com/financing/landing-calculator/index.html]
[www.proformanceroofs.com/products/admin/index.html]
[www.proformanceroofs.com/reviews/admin/index.html]
[www.proformanceroofs.com/cms/includes/sl_9mc49djz.2005051912475.css]
[www.proformanceroofs.com/cms/svg/admin/dup053e1r8m.24.svg]
[www.proformanceroofs.com/cms/svg/site/idso5fqviyn.36.svg]
[www.proformanceroofs.com/contact-us/admin/index.html]
[www.proformanceroofs.com/cms/includes/eehuc23c7b_.2005051912475.css]
[www.proformanceroofs.com/tampa/admin/index.html]
[www.proformanceroofs.com/coupons/index.html]
[www.proformanceroofs.com/blog/2020/may/exterior-design-trends-of-2020/admin/index.html]
[www.proformanceroofs.com/cms/includes/j4mkr47qjv7.2005051912475.css]
[www.proformanceroofs.com/blog/2020/april/ask-these-essential-questions-before-hiring-a-ro/admin/index.html]
[www.proformanceroofs.com/blog/2019/december/new-year-new-you-new-roof/admin/index.html]
[www.proformanceroofs.com/privacy-policy/admin/index.html]
[www.proformanceroofs.com/cms/includes/du9cffg2ps9.2005051912475.css]
[www.proformanceroofs.com/site-map/admin/index.html]
[www.proformanceroofs.com/blog/categories/index.html]
[www.proformanceroofs.com/images/blog/8.18.17.jpg]
[www.proformanceroofs.com/blog/2017/august/how-to-match-siding-to-roofing/index.html]
[www.proformanceroofs.com/images/blog/7.31.17.jpg]
[www.proformanceroofs.com/blog/2017/july/what-to-know-about-roofing-warranties/index.html]
[www.proformanceroofs.com/images/blog/6.29.17.jpg]
[www.proformanceroofs.com/blog/2017/june/roof-damage-after-a-hail-storm/index.html]
[www.proformanceroofs.com/images/blog/6.6.17.jpg]
[www.proformanceroofs.com/blog/2017/june/dealing-with-storm-damage-and-insurance-claims-i/index.html]
[www.proformanceroofs.com/blog/2017/may/the-good-the-bad-and-the-ugly-florida-s-range-of/index.html]
[www.proformanceroofs.com/images/blog/5.1.17.jpg]
[www.proformanceroofs.com/blog/2017/may/when-buying-a-home-check-for-potential-water-dam/index.html]
[www.proformanceroofs.com/cms/includes/76p6tr89s0n.2005051912475.css]
[www.proformanceroofs.com/images/photo-gallery/our-work/cbf9e1c6d498ae38d7fd113d3bcf2049.jpg]
[www.proformanceroofs.com/images/photo-gallery/our-work/0c9391d4ba541cda23e90d66abba270b.jpg]
[www.proformanceroofs.com/images/photo-gallery/our-work/5c6ee2dc119a654705721390c93755c0.jpg]
[www.proformanceroofs.com/images/photo-gallery/our-work/03bc917dfb90d9003a244248a3c05d17.jpg]
[www.proformanceroofs.com/images/photo-gallery/our-work/91fd8dee20cf1dd39dacc4cffe5752c9.jpg]
[www.proformanceroofs.com/images/photo-gallery/our-work/48cf353538b40130d061b46bda8b62b0.jpg]
[www.proformanceroofs.com/images/photo-gallery/our-work/56b77e15d6a16d0f0fa19cb5da3010bf.jpg]
[www.proformanceroofs.com/images/photo-gallery/our-work/0892b16142d72ea995c3594342b52925.jpg]
[www.proformanceroofs.com/images/photo-gallery/our-work/afa3e5bdc057ae3c8a33899bd97fff5a.jpg]
[www.proformanceroofs.com/images/photo-gallery/our-work/553d16b24a573c732614d3522c1e99da.jpg]
[www.proformanceroofs.com/images/photo-gallery/our-work/49ae58d7d0091e4385a5e31f1f1faecb.jpg]
[www.proformanceroofs.com/images/photo-gallery/our-work/34e6059ce7e8c0c84433b3052c2195f2.jpg]
[www.proformanceroofs.com/images/photo-gallery/our-work/2acf6bee3091ebd93ee6a84576ba1a65.jpg]
[www.proformanceroofs.com/images/photo-gallery/our-work/8beb9bbdf84d9b9cfd4308dd2bbf01d9.1).jpg]
[www.proformanceroofs.com/images/photo-gallery/our-work/4bfd413866b0ae347658816fce56dffb.1).jpg]
[www.proformanceroofs.com/images/photo-gallery/our-work/068fe38bbe7b543cb1e3df9364d4347a.1).jpg]
[www.proformanceroofs.com/images/photo-gallery/our-work/87c7cb54901f5e8786a521c8685d1f29.1).jpg]
[www.proformanceroofs.com/images/photo-gallery/our-work/039893fcce94e66a63c49802ed33d079.1).jpg]
[www.proformanceroofs.com/images/photo-gallery/our-work/6e6fd3b8f2e6f6c9a595d9361df55d86.1).jpg]
[www.proformanceroofs.com/images/photo-gallery/our-work/3daea1479e13d4d82f75e8555495a12e.1).jpg]
[www.proformanceroofs.com/photo-gallery/index.html]
[www.proformanceroofs.com/cms/includes/paaveeqpprt.2001241829564.js]
[www.proformanceroofs.com/cms/includes/hace9kzh5c8.2005051912475.css]
[www.proformanceroofs.com/cms/thumbnails/34/300x250/images/photo-gallery/our-work/cbf9e1c6d498ae38d7fd113d3bcf2049.jpg]
[www.proformanceroofs.com/cms/thumbnails/34/300x250/images/photo-gallery/our-work/0c9391d4ba541cda23e90d66abba270b.jpg]
[www.proformanceroofs.com/cms/thumbnails/34/300x250/images/photo-gallery/our-work/5c6ee2dc119a654705721390c93755c0.jpg]
[www.proformanceroofs.com/cms/thumbnails/34/300x250/images/photo-gallery/our-work/03bc917dfb90d9003a244248a3c05d17.jpg]
[www.proformanceroofs.com/cms/thumbnails/34/300x250/images/photo-gallery/our-work/91fd8dee20cf1dd39dacc4cffe5752c9.jpg]
[www.proformanceroofs.com/cms/thumbnails/34/300x250/images/photo-gallery/our-work/48cf353538b40130d061b46bda8b62b0.jpg]
[www.proformanceroofs.com/cms/thumbnails/34/300x250/images/photo-gallery/our-work/56b77e15d6a16d0f0fa19cb5da3010bf.jpg]
[www.proformanceroofs.com/cms/thumbnails/34/300x250/images/photo-gallery/our-work/0892b16142d72ea995c3594342b52925.jpg]
[www.proformanceroofs.com/cms/thumbnails/34/300x250/images/photo-gallery/our-work/afa3e5bdc057ae3c8a33899bd97fff5a.jpg]
[www.proformanceroofs.com/cms/thumbnails/34/300x250/images/photo-gallery/our-work/553d16b24a573c732614d3522c1e99da.jpg]
[www.proformanceroofs.com/cms/thumbnails/34/300x250/images/photo-gallery/our-work/49ae58d7d0091e4385a5e31f1f1faecb.jpg]
[www.proformanceroofs.com/cms/thumbnails/34/300x250/images/photo-gallery/our-work/34e6059ce7e8c0c84433b3052c2195f2.jpg]
[www.proformanceroofs.com/cms/thumbnails/34/300x250/images/photo-gallery/our-work/2acf6bee3091ebd93ee6a84576ba1a65.jpg]
[www.proformanceroofs.com/cms/thumbnails/34/300x250/images/photo-gallery/our-work/8beb9bbdf84d9b9cfd4308dd2bbf01d9.1).jpg]
[www.proformanceroofs.com/cms/thumbnails/34/300x250/images/photo-gallery/our-work/4bfd413866b0ae347658816fce56dffb.1).jpg]
[www.proformanceroofs.com/cms/thumbnails/34/300x250/images/photo-gallery/our-work/068fe38bbe7b543cb1e3df9364d4347a.1).jpg]
[www.proformanceroofs.com/cms/thumbnails/34/300x250/images/photo-gallery/our-work/87c7cb54901f5e8786a521c8685d1f29.1).jpg]
[www.proformanceroofs.com/cms/thumbnails/34/300x250/images/photo-gallery/our-work/039893fcce94e66a63c49802ed33d079.1).jpg]
[www.proformanceroofs.com/cms/thumbnails/34/300x250/images/photo-gallery/our-work/6e6fd3b8f2e6f6c9a595d9361df55d86.1).jpg]
[www.proformanceroofs.com/cms/thumbnails/34/300x250/images/photo-gallery/our-work/3daea1479e13d4d82f75e8555495a12e.1).jpg]
[www.proformanceroofs.com/photo-gallery/our-work/index.html]
[www.proformanceroofs.com/areas-served/altamonte-springs/admin/index.html]
[www.proformanceroofs.com/areas-served/apopka/admin/index.html]
[www.proformanceroofs.com/areas-served/cape-canaveral/admin/index.html]
[www.proformanceroofs.com/areas-served/clermont/admin/index.html]
[www.proformanceroofs.com/areas-served/the-villages/admin/index.html]
[www.proformanceroofs.com/areas-served/winter-garden/admin/index.html]
[www.proformanceroofs.com/areas-served/winter-park/admin/index.html]
[www.proformanceroofs.com/areas-served/winter-springs/admin/index.html]
[www.proformanceroofs.com/blog/2019/december/safety-tips-for-holiday-decorating/admin/index.html]
[www.proformanceroofs.com/blog/2019/september/let-s-talk-about-insulation/admin/index.html]
[www.proformanceroofs.com/blog/2019/september/your-summer-roofing-checklist/admin/index.html]
[www.proformanceroofs.com/blog/2017/july/home-and-roof-shapes-that-hold-up-best-to-hurric/admin/index.html]
[www.proformanceroofs.com/blog/2017/july/what-s-the-best-type-of-roof-for-florida-weather/admin/index.html]
[www.proformanceroofs.com/blog/2017/july/do-s-and-don-ts-of-building-in-hurricane-prone-a/admin/index.html]
[www.proformanceroofs.com/blog/2017/august/the-best-times-of-year-for-roof-replacement-in-f/admin/index.html]
[www.proformanceroofs.com/blog/categories/general-roofing/admin/index.html]
[www.proformanceroofs.com/blog/categories/home-design/admin/index.html]
[www.proformanceroofs.com/blog/categories/insurance/admin/index.html]
[www.proformanceroofs.com/blog/categories/replacement/admin/index.html]
[www.proformanceroofs.com/blog/categories/roof-damage/admin/index.html]
[www.proformanceroofs.com/blog/categories/siding/admin/index.html]
[www.proformanceroofs.com/blog/categories/tips/admin/index.html]
[www.proformanceroofs.com/blog/categories/weather-roofs/admin/index.html]
[www.proformanceroofs.com/blog/2020/admin/index.html]
[www.proformanceroofs.com/blog/2020/may/admin/index.html]
[www.proformanceroofs.com/blog/2020/april/admin/index.html]
[www.proformanceroofs.com/blog/2019/admin/index.html]
[www.proformanceroofs.com/blog/2019/december/index.html]
[www.proformanceroofs.com/blog/2019/september/admin/index.html]
[www.proformanceroofs.com/blog/2017/admin/index.html]
[www.proformanceroofs.com/blog/2017/august/admin/index.html]
[www.proformanceroofs.com/blog/2017/july/admin/index.html]
[www.proformanceroofs.com/blog/2017/june/admin/index.html]
[www.proformanceroofs.com/blog/2017/may/admin/index.html]
[www.proformanceroofs.com/blog/categories/admin/index.html]
[www.proformanceroofs.com/blog/2017/august/how-to-match-siding-to-roofing/admin/index.html]
[www.proformanceroofs.com/blog/2017/july/what-to-know-about-roofing-warranties/admin/index.html]
[www.proformanceroofs.com/blog/2017/june/roof-damage-after-a-hail-storm/admin/index.html]
[www.proformanceroofs.com/blog/2017/june/dealing-with-storm-damage-and-insurance-claims-i/admin/index.html]
[www.proformanceroofs.com/blog/2017/may/the-good-the-bad-and-the-ugly-florida-s-range-of/admin/index.html]
[www.proformanceroofs.com/blog/2017/may/when-buying-a-home-check-for-potential-water-dam/admin/index.html]
[www.proformanceroofs.com/photo-gallery/admin/index.html]
[www.proformanceroofs.com/cms/svg/admin/icon_cancel.16.ffffff.svg]
[www.proformanceroofs.com/cms/svg/admin/icon_share.36.ffffff.svg]
[www.proformanceroofs.com/cms/svg/admin/icon_expand.24.ffffff.svg]
[www.proformanceroofs.com/cms/svg/admin/icon_contract.24.ffffff.svg]
[www.proformanceroofs.com/cms/svg/admin/icon_search.24.ffffff.svg]
[www.proformanceroofs.com/cms/svg/site/icon_arrow_left.36.ffffff.svg]
[www.proformanceroofs.com/cms/svg/site/icon_arrow_right.36.ffffff.svg]
[www.proformanceroofs.com/cms/includes/76p6tr89s0n.2005051912475.css]
[www.proformanceroofs.com/photo-gallery/our-work/admin/index.html]
[www.proformanceroofs.com/cms/includes/hace9kzh5c8.2005051912475.css]
[www.proformanceroofs.com/blog/2019/december/admin/index.html]
[www.proformanceroofs.com/cms/svg/admin/icon_cancel.16.ffffff.svg]
[www.proformanceroofs.com/cms/svg/admin/icon_share.36.ffffff.svg]
[www.proformanceroofs.com/cms/svg/admin/icon_expand.24.ffffff.svg]
[www.proformanceroofs.com/cms/svg/admin/icon_contract.24.ffffff.svg]
[www.proformanceroofs.com/cms/svg/admin/icon_search.24.ffffff.svg]
[www.proformanceroofs.com/cms/svg/site/icon_arrow_left.36.ffffff.svg]
[www.proformanceroofs.com/cms/svg/site/icon_arrow_right.36.ffffff.svg]
[www.proformanceroofs.com/images/main-images/preloader.html]
